Test failure: objectdb.json did not load for the object model test
TESTS_EXIT_1 
TEST_EXE_NOT_FOUND
